C:/Users/ubern/git/H7Hal/Core/Src/main.c:80:6:I2C_Scan	16	static
C:/Users/ubern/git/H7Hal/Core/Src/main.c:96:5:_write	32	static
C:/Users/ubern/git/H7Hal/Core/Src/main.c:108:6:HAL_GPIO_EXTI_Callback	16	static
C:/Users/ubern/git/H7Hal/Core/Src/main.c:167:5:main	32	static
C:/Users/ubern/git/H7Hal/Core/Src/main.c:287:6:SystemClock_Config	120	static
C:/Users/ubern/git/H7Hal/Core/Src/main.c:347:13:MX_ADC3_Init	48	static
C:/Users/ubern/git/H7Hal/Core/Src/main.c:410:13:MX_I2C2_Init	8	static
C:/Users/ubern/git/H7Hal/Core/Src/main.c:458:13:MX_SPI4_Init	8	static
C:/Users/ubern/git/H7Hal/Core/Src/main.c:506:13:MX_USART3_UART_Init	8	static
C:/Users/ubern/git/H7Hal/Core/Src/main.c:552:13:MX_DMA_Init	16	static
C:/Users/ubern/git/H7Hal/Core/Src/main.c:570:13:MX_GPIO_Init	56	static
C:/Users/ubern/git/H7Hal/Core/Src/main.c:661:6:MPU_Config	24	static
C:/Users/ubern/git/H7Hal/Core/Src/main.c:692:6:Error_Handler	4	static,ignoring_inline_asm
